// Jest Snapshot v1, https://goo.gl/fbAQLP

exports[`behavior #generateListNestingStyles depth == 5 1`] = `".Draftail-depth5.public-DraftStyleDefault-listLTR{margin-left:9em;}.Draftail-depth5.public-DraftStyleDefault-listRTL{margin-right:9em;}.Draftail-depth5.public-DraftStyleDefault-orderedListItem::before{content:counter(ol5)'.';counter-increment:ol5;}.Draftail-depth5.public-DraftStyleDefault-reset{counter-reset:ol5;}"`;

exports[`behavior #generateListNestingStyles depth > 5 1`] = `".Draftail-depth5.public-DraftStyleDefault-listLTR{margin-left:9em;}.Draftail-depth5.public-DraftStyleDefault-listRTL{margin-right:9em;}.Draftail-depth5.public-DraftStyleDefault-orderedListItem::before{content:counter(ol5)'.';counter-increment:ol5;}.Draftail-depth5.public-DraftStyleDefault-reset{counter-reset:ol5;}.Draftail-depth6.public-DraftStyleDefault-listLTR{margin-left:10.5em;}.Draftail-depth6.public-DraftStyleDefault-listRTL{margin-right:10.5em;}.Draftail-depth6.public-DraftStyleDefault-orderedListItem::before{content:counter(ol6)'.';counter-increment:ol6;}.Draftail-depth6.public-DraftStyleDefault-reset{counter-reset:ol6;}"`;
