// Jest Snapshot v1, https://goo.gl/fbAQLP

exports[`Modal has defaults 1`] = `
<Modal
  ariaHideApp={true}
  bodyOpenClassName="modal__container--open"
  className={
    Object {
      "afterOpen": "modal--open",
      "base": "modal",
      "beforeClose": "modal--before-close",
    }
  }
  closeTimeoutMS={0}
  isOpen={false}
  overlayClassName={
    Object {
      "afterOpen": "modal__overlay--open",
      "base": "modal__overlay",
      "beforeClose": "modal__overlay--before-close",
    }
  }
  parentSelector={[Function]}
  portalClassName="portal"
  shouldCloseOnEsc={true}
  shouldCloseOnOverlayClick={true}
  shouldFocusAfterRender={true}
  shouldReturnFocusAfterClose={true}
>
  Test
</Modal>
`;
