// Jest Snapshot v1, https://goo.gl/fbAQLP

exports[`DraftailEditor tooltip renderTooltip works 1`] = `"<div><div data-reactroot=\\"\\"></div></div><div><div data-reactroot=\\"\\"></div></div><div><div data-reactroot=\\"\\"><div class=\\"RichEditor-tooltip\\" role=\\"tooltip\\" style=\\"top: 0px; left: 0px;\\"><button class=\\"RichEditor-tooltip__button\\">Edit</button><button class=\\"RichEditor-tooltip__button\\">Remove</button></div></div></div>"`;
